---
source: core/src/markdown/tests.rs
expression: collection
---
version: 0.1.0
length: 1
value:
  - id: 0
    entity:
      uri: "https://foo.com/"
      createdAt: 1701734400
      updatedAt:
        - 1701820800
        - 1701907200
      names:
        - Bar
        - Baz
        - Foo
      labels:
        - Bar
        - Baz
        - Foo
      shared: false
      toRead: false
      isFeed: false
    edges: []
